Сообщение об ошибке в программе
Сообщение об ошибке в программе
Сообщение об ошибке в программе
Сообщение об ошибке в программе
Сообщение об ошибке в программе
Сообщение об ошибке в программе
Сообщение об ошибке в программе
Сообщение об ошибке в программе
Сообщение об ошибке в программе
Сообщение об ошибке в программе
Сообщение об ошибке в программе
Сообщение об ошибке в программе
Сообщение об ошибке в программе
Сообщение об ошибке в программе
Сообщение об ошибке в программе
Сообщение об ошибке в программе
Сообщение об ошибке в программе
Сообщение об ошибке в программе
Сообщение об ошибке в программе
Сообщение об ошибке в программе
Сообщение об ошибке в программе
Сообщение об ошибке в программе
Сообщение об ошибке в программе
Сообщение об ошибке в программе
